[bapatv.live/index.html]
[bapatv.live/tv.apk]
[backblue.gif]
[fade.gif]
[index.html]
[bapatv.live/css/bootstrap.min.css]
[bapatv.live/favicon.png]
[bapatv.live/css/video-js.css]
[bapatv.live/css/style5e1f.css]
[bapatv.live/common5e1f.jpg]
[bapatv.live/index.webm]
[bapatv.live/play5cb3.html]
[bapatv.live/assets/images/Star Sports 11731469721.png]
[bapatv.live/play2098.html]
[bapatv.live/assets/images/Sony Ten 21731408024.png]
[bapatv.live/play19c0.html]
[bapatv.live/assets/images/Star Select11731408156.png]
[bapatv.live/play8b57.html]
[bapatv.live/assets/images/Star Sports21731408535.png]
[bapatv.live/play42df.html]
[bapatv.live/assets/images/Dubai Sports1731465478.png]
[bapatv.live/play5096.html]
[bapatv.live/assets/images/Dubai Sports21731465823.png]
[bapatv.live/play8f7d.html]
[bapatv.live/assets/images/Abu Dhabi Sports 1731467298.png]
[bapatv.live/play47aa.html]
[bapatv.live/assets/images/Bein Sports Extra1731467457.png]
[bapatv.live/playe096.html]
[bapatv.live/assets/images/Bein Sports 1731467604.png]
[bapatv.live/playda0f.html]
[bapatv.live/assets/images/Bein Sports 11731467666.png]
[bapatv.live/playdcde.html]
[bapatv.live/assets/images/Euro Sports 11731467928.png]
[bapatv.live/play341f.html]
[bapatv.live/assets/images/Red Bull1731468749.png]
[bapatv.live/playbfc1.html]
[bapatv.live/assets/images/Sony Ten 11731469222.png]
[bapatv.live/playf4b1.html]
[bapatv.live/assets/images/Ten Sports1731469910.png]
[bapatv.live/play0f39.html]
[bapatv.live/assets/images/T sports21730895313.png]
[bapatv.live/play4199.html]
[bapatv.live/assets/images/SkySports Football1730721411.png]
[bapatv.live/play8126.html]
[bapatv.live/assets/images/Sony Ten 11730721777.png]
[bapatv.live/play1f18.html]
[bapatv.live/assets/images/T sports41731598058.png]
[bapatv.live/playe5e6.html]
[bapatv.live/assets/images/Euro Sports1730729350.png]
[bapatv.live/playa680.html]
[bapatv.live/assets/images/tsn51731580397.png]
[bapatv.live/play0ecb.html]
[bapatv.live/assets/images/T sports31731469993.png]
[bapatv.live/play22af.html]
[bapatv.live/assets/images/GTV 21730895387.png]
[bapatv.live/playfcc9.html]
[bapatv.live/assets/images/GTV 11731039246.png]
[bapatv.live/play0b8b.html]
[bapatv.live/assets/images/Abu Dhabi Sports 21731519978.png]
[bapatv.live/play08d3.html]
[bapatv.live/assets/images/T sports11731393960.png]
[bapatv.live/play1dd4.html]
[bapatv.live/assets/images/ATN News1731520019.png]
[bapatv.live/play57ec.html]
[bapatv.live/assets/images/DW News1731466569.png]
[bapatv.live/play55ff.html]
[bapatv.live/assets/images/DBC 21731466294.png]
[bapatv.live/play5cf3.html]
[bapatv.live/assets/images/Jamuna TV1731468148.png]
[bapatv.live/play315d.html]
[bapatv.live/assets/images/Channel 241731584609.png]
[bapatv.live/play04b5.html]
[bapatv.live/assets/images/Ekattor TV1731435020.png]
[bapatv.live/play567e.html]
[bapatv.live/assets/images/DBC News1731406699.png]
[bapatv.live/play3ca2.html]
[bapatv.live/assets/images/Somoy1731406328.png]
[bapatv.live/play6376.html]
[bapatv.live/assets/images/9XM1731519962.png]
[bapatv.live/playaeef.html]
[bapatv.live/assets/images/Gaan Bangla1730721223.png]
[bapatv.live/play3dde.html]
[bapatv.live/assets/images/Masti1731465902.png]
[bapatv.live/play84fc.html]
[bapatv.live/assets/images/Sangeet Bangla1730728040.png]
[bapatv.live/play0531.html]
[bapatv.live/assets/images/Colors Bangla 21731466196.png]
[bapatv.live/play09a8.html]
[bapatv.live/assets/images/Star Jalsha1731406850.png]
[bapatv.live/play4a88.html]
[bapatv.live/assets/images/Zee Bangla1731406932.png]
[bapatv.live/playd2c9.html]
[bapatv.live/assets/images/Colors Bangla1731406802.png]
[bapatv.live/play9313.html]
[bapatv.live/assets/images/Enter Ten Bangla1731466848.png]
[bapatv.live/play1ef4.html]
[bapatv.live/assets/images/Zee Bangla Cinema1731470057.png]
[bapatv.live/play994c.html]
[bapatv.live/assets/images/Sony Aath1731407792.png]
[bapatv.live/play0f21.html]
[bapatv.live/assets/images/Nick1731468472.png]
[bapatv.live/playec7d.html]
[bapatv.live/assets/images/01-testrer1731572239.png]
[bapatv.live/playa6f0.html]
[bapatv.live/assets/images/Cartoon Network1731424741.png]
[bapatv.live/play570d.html]
[bapatv.live/assets/images/Kids Creation1730994595.png]
[bapatv.live/play11b5.html]
[bapatv.live/assets/images/Sony Enter Ten1731469071.png]
[bapatv.live/play2372.html]
[bapatv.live/assets/images/Star Gold Thrill1730728943.png]
[bapatv.live/play4a94.html]
[bapatv.live/assets/images/Colors HD1731406975.png]
[bapatv.live/playd834.html]
[bapatv.live/assets/images/Star Gold1731407227.png]
[bapatv.live/play07a7.html]
[bapatv.live/assets/images/And Picture 1731407396.png]
[bapatv.live/playa22c.html]
[bapatv.live/assets/images/Star Plus1731424615.png]
[bapatv.live/playd5c4.html]
[bapatv.live/assets/images/Star Gold21731407524.png]
[bapatv.live/play4144.html]
[bapatv.live/assets/images/Sony Max1731407620.png]
[bapatv.live/play49ee.html]
[bapatv.live/assets/images/National Geographic1731468376.png]
[bapatv.live/play6fba.html]
[bapatv.live/assets/images/Discovery1731407135.png]
[bapatv.live/play8022.html]
[bapatv.live/assets/images/Ananda Tv1731598995.png]
[bapatv.live/play7bdb.html]
[bapatv.live/assets/images/My Tv1731598829.png]
[bapatv.live/playfc29.html]
[bapatv.live/assets/images/Nexux Tv1731598897.png]
[bapatv.live/play3185.html]
[bapatv.live/assets/images/Channel S1731598946.png]
[bapatv.live/play7306.html]
[bapatv.live/assets/images/Deepto TV1730884108.png]
[bapatv.live/play2638.html]
[bapatv.live/assets/images/Channel i1731407855.png]
[bapatv.live/play702f.html]
[bapatv.live/assets/images/Atn Bangla1731520005.png]
[bapatv.live/play4a21.html]
[bapatv.live/assets/images/NTV1731389953.png]
[bapatv.live/play2ef9.html]
[bapatv.live/assets/images/Independent TV1731406270.png]
[bapatv.live/play5671.html]
[bapatv.live/assets/images/Rtv1731406387.png]
[bapatv.live/playdfa9.html]
[bapatv.live/assets/images/Maasranga1731406467.png]
[bapatv.live/play3c4a.html]
[bapatv.live/assets/images/Movie Bangla1731406643.png]
[bapatv.live/playe0bb.html]
[bapatv.live/assets/images/Me TV1731468257.png]
[bapatv.live/play7a84.html]
[bapatv.live/assets/images/Mohona TV1731407090.png]
[bapatv.live/playd873.html]
[bapatv.live/assets/images/Ekushe TV1731466720.png]
[bapatv.live/play30e6.html]
[bapatv.live/assets/images/Desh TV1731466400.png]
[bapatv.live/play6e90.html]
[bapatv.live/assets/images/Banglavision1731407320.png]
[bapatv.live/js/scripts2aec.js]
[bapatv.live/js/jquery.min.js]
[bapatv.live/index.html]
[cdn.commoninja.com/sdk/latest/commonninja.js]
[bapatv.live/css/bootstrap.min.css]
[bapatv.live/css/video-js.css]
[bapatv.live/img/bgu.jpg]
[bapatv.live/css/style5e1f.css]
[bapatv.live/play5cb3.html]
[bapatv.live/play2098.html]
[bapatv.live/play19c0.html]
[bapatv.live/play8b57.html]
[bapatv.live/play42df.html]
[bapatv.live/play5096.html]
[bapatv.live/play8f7d.html]
[bapatv.live/play47aa.html]
[bapatv.live/playe096.html]
[bapatv.live/playda0f.html]
[bapatv.live/playdcde.html]
[bapatv.live/play341f.html]
[bapatv.live/playbfc1.html]
[bapatv.live/playf4b1.html]
[bapatv.live/play0f39.html]
[bapatv.live/play4199.html]
[bapatv.live/play8126.html]
[bapatv.live/play1f18.html]
[bapatv.live/playe5e6.html]
[bapatv.live/playa680.html]
[bapatv.live/play0ecb.html]
[bapatv.live/play22af.html]
[bapatv.live/playfcc9.html]
[bapatv.live/play0b8b.html]
[bapatv.live/play08d3.html]
[bapatv.live/play1dd4.html]
[bapatv.live/play57ec.html]
[bapatv.live/play55ff.html]
[bapatv.live/play5cf3.html]
[bapatv.live/play315d.html]
[bapatv.live/play04b5.html]
[bapatv.live/play567e.html]
[bapatv.live/play3ca2.html]
[bapatv.live/play6376.html]
[bapatv.live/playaeef.html]
[bapatv.live/play3dde.html]
[bapatv.live/play84fc.html]
[bapatv.live/play0531.html]
[bapatv.live/play09a8.html]
[bapatv.live/play4a88.html]
[bapatv.live/playd2c9.html]
[bapatv.live/play9313.html]
[bapatv.live/play1ef4.html]
[bapatv.live/play994c.html]
[bapatv.live/play0f21.html]
[bapatv.live/playec7d.html]
[bapatv.live/playa6f0.html]
[bapatv.live/play570d.html]
[bapatv.live/play11b5.html]
[bapatv.live/play2372.html]
[bapatv.live/play4a94.html]
[bapatv.live/playd834.html]
[bapatv.live/play07a7.html]
[bapatv.live/playa22c.html]
[bapatv.live/playd5c4.html]
[bapatv.live/play4144.html]
[bapatv.live/play49ee.html]
[bapatv.live/play6fba.html]
[bapatv.live/play8022.html]
[bapatv.live/play7bdb.html]
[bapatv.live/playfc29.html]
[bapatv.live/play3185.html]
[bapatv.live/play7306.html]
[bapatv.live/play2638.html]
[bapatv.live/play702f.html]
[bapatv.live/play4a21.html]
[bapatv.live/play2ef9.html]
[bapatv.live/play5671.html]
[bapatv.live/playdfa9.html]
[bapatv.live/play3c4a.html]
[bapatv.live/playe0bb.html]
[bapatv.live/play7a84.html]
[bapatv.live/playd873.html]
[bapatv.live/play30e6.html]
[bapatv.live/play6e90.html]
[bapatv.live/js/hls.js]
